// Jest Snapshot v1, https://goo.gl/fbAQLP

exports[`renders DarkModeSwitch component 1`] = `
<div>
  <label
    class="chakra-switch css-tm8ajn"
  >
    <input
      class="chakra-switch__input"
      style="border: 0px; clip: rect(0px, 0px, 0px, 0px); height: 1px; width: 1px; margin: -1px; padding: 0px; overflow: hidden; white-space: nowrap; position: absolute;"
      type="checkbox"
      value=""
    />
    <span
      aria-hidden="true"
      class="chakra-switch__track css-14qxnv8"
    >
      <span
        class="chakra-switch__thumb css-0"
      />
    </span>
  </label>
</div>
`;
