// Jest Snapshot v1, https://goo.gl/fbAQLP

exports[`renders MainContent component 1`] = `
<div>
  <section
    class="css-15a0p7b"
  >
    <div
      class="css-p7r2ak"
    >
      <div
        class="css-79elbk"
      >
        <div
          class="css-1lx80g1"
        >
          <svg
            aria-hidden="true"
            class="svg-inline--fa fa-x-ray fa-w-20 "
            data-icon="x-ray"
            data-prefix="fas"
            focusable="false"
            role="img"
            style="width: 20px;"
            viewBox="0 0 640 512"
            xmlns="http://www.w3.org/2000/svg"
          >
            <path
              d="M240 384c-8.8 0-16 7.2-16 16s7.2 16 16 16 16-7.2 16-16-7.2-16-16-16zm160 32c8.8 0 16-7.2 16-16s-7.2-16-16-16-16 7.2-16 16 7.2 16 16 16zM624 0H16C7.2 0 0 7.2 0 16v32c0 8.8 7.2 16 16 16h608c8.8 0 16-7.2 16-16V16c0-8.8-7.2-16-16-16zm0 448h-48V96H64v352H16c-8.8 0-16 7.2-16 16v32c0 8.8 7.2 16 16 16h608c8.8 0 16-7.2 16-16v-32c0-8.8-7.2-16-16-16zM480 248c0 4.4-3.6 8-8 8H336v32h104c4.4 0 8 3.6 8 8v16c0 4.4-3.6 8-8 8H336v32h64c26.5 0 48 21.5 48 48s-21.5 48-48 48-48-21.5-48-48v-16h-64v16c0 26.5-21.5 48-48 48s-48-21.5-48-48 21.5-48 48-48h64v-32H200c-4.4 0-8-3.6-8-8v-16c0-4.4 3.6-8 8-8h104v-32H168c-4.4 0-8-3.6-8-8v-16c0-4.4 3.6-8 8-8h136v-32H200c-4.4 0-8-3.6-8-8v-16c0-4.4 3.6-8 8-8h104v-24c0-4.4 3.6-8 8-8h16c4.4 0 8 3.6 8 8v24h104c4.4 0 8 3.6 8 8v16c0 4.4-3.6 8-8 8H336v32h136c4.4 0 8 3.6 8 8v16z"
              fill="currentColor"
            />
          </svg>
        </div>
        <h2
          class="css-1tpxf1l"
          contenteditable="false"
          id="info_header"
          tabindex="-1"
        >
          Our Specialized apps and services make customer acquisition easy
        </h2>
      </div>
      <div
        class="css-79elbk"
      >
        <div
          class="css-1lx80g1"
        >
          <svg
            aria-hidden="true"
            class="svg-inline--fa fa-x-ray fa-w-20 "
            data-icon="x-ray"
            data-prefix="fas"
            focusable="false"
            role="img"
            style="width: 20px;"
            viewBox="0 0 640 512"
            xmlns="http://www.w3.org/2000/svg"
          >
            <path
              d="M240 384c-8.8 0-16 7.2-16 16s7.2 16 16 16 16-7.2 16-16-7.2-16-16-16zm160 32c8.8 0 16-7.2 16-16s-7.2-16-16-16-16 7.2-16 16 7.2 16 16 16zM624 0H16C7.2 0 0 7.2 0 16v32c0 8.8 7.2 16 16 16h608c8.8 0 16-7.2 16-16V16c0-8.8-7.2-16-16-16zm0 448h-48V96H64v352H16c-8.8 0-16 7.2-16 16v32c0 8.8 7.2 16 16 16h608c8.8 0 16-7.2 16-16v-32c0-8.8-7.2-16-16-16zM480 248c0 4.4-3.6 8-8 8H336v32h104c4.4 0 8 3.6 8 8v16c0 4.4-3.6 8-8 8H336v32h64c26.5 0 48 21.5 48 48s-21.5 48-48 48-48-21.5-48-48v-16h-64v16c0 26.5-21.5 48-48 48s-48-21.5-48-48 21.5-48 48-48h64v-32H200c-4.4 0-8-3.6-8-8v-16c0-4.4 3.6-8 8-8h104v-32H168c-4.4 0-8-3.6-8-8v-16c0-4.4 3.6-8 8-8h136v-32H200c-4.4 0-8-3.6-8-8v-16c0-4.4 3.6-8 8-8h104v-24c0-4.4 3.6-8 8-8h16c4.4 0 8 3.6 8 8v24h104c4.4 0 8 3.6 8 8v16c0 4.4-3.6 8-8 8H336v32h136c4.4 0 8 3.6 8 8v16z"
              fill="currentColor"
            />
          </svg>
        </div>
        <p
          class="css-1h356hx"
          contenteditable="false"
          id="info_sub_header"
          tabindex="-1"
        >
          We craft unique digital experiences, Because of this we have an endless supply of leads all organic and verified.
        </p>
      </div>
      <div
        class="css-b69u32"
      >
        <div
          class="css-9chr40"
        >
          <div
            class="css-79elbk"
          >
            <div
              class="css-1lx80g1"
            >
              <svg
                aria-hidden="true"
                class="svg-inline--fa fa-x-ray fa-w-20 "
                data-icon="x-ray"
                data-prefix="fas"
                focusable="false"
                role="img"
                style="width: 20px;"
                viewBox="0 0 640 512"
                xmlns="http://www.w3.org/2000/svg"
              >
                <path
                  d="M240 384c-8.8 0-16 7.2-16 16s7.2 16 16 16 16-7.2 16-16-7.2-16-16-16zm160 32c8.8 0 16-7.2 16-16s-7.2-16-16-16-16 7.2-16 16 7.2 16 16 16zM624 0H16C7.2 0 0 7.2 0 16v32c0 8.8 7.2 16 16 16h608c8.8 0 16-7.2 16-16V16c0-8.8-7.2-16-16-16zm0 448h-48V96H64v352H16c-8.8 0-16 7.2-16 16v32c0 8.8 7.2 16 16 16h608c8.8 0 16-7.2 16-16v-32c0-8.8-7.2-16-16-16zM480 248c0 4.4-3.6 8-8 8H336v32h104c4.4 0 8 3.6 8 8v16c0 4.4-3.6 8-8 8H336v32h64c26.5 0 48 21.5 48 48s-21.5 48-48 48-48-21.5-48-48v-16h-64v16c0 26.5-21.5 48-48 48s-48-21.5-48-48 21.5-48 48-48h64v-32H200c-4.4 0-8-3.6-8-8v-16c0-4.4 3.6-8 8-8h104v-32H168c-4.4 0-8-3.6-8-8v-16c0-4.4 3.6-8 8-8h136v-32H200c-4.4 0-8-3.6-8-8v-16c0-4.4 3.6-8 8-8h104v-24c0-4.4 3.6-8 8-8h16c4.4 0 8 3.6 8 8v24h104c4.4 0 8 3.6 8 8v16c0 4.4-3.6 8-8 8H336v32h136c4.4 0 8 3.6 8 8v16z"
                  fill="currentColor"
                />
              </svg>
            </div>
            <h3
              class="css-1mws978"
              contenteditable="false"
              id="info_cards__0__header"
              tabindex="-1"
            >
              Industry Experts
            </h3>
          </div>
          <img
            class="chakra-image css-20teaf"
            src="/icon.png"
          />
          <div
            class="css-79elbk"
          >
            <div
              class="css-1lx80g1"
            >
              <svg
                aria-hidden="true"
                class="svg-inline--fa fa-x-ray fa-w-20 "
                data-icon="x-ray"
                data-prefix="fas"
                focusable="false"
                role="img"
                style="width: 20px;"
                viewBox="0 0 640 512"
                xmlns="http://www.w3.org/2000/svg"
              >
                <path
                  d="M240 384c-8.8 0-16 7.2-16 16s7.2 16 16 16 16-7.2 16-16-7.2-16-16-16zm160 32c8.8 0 16-7.2 16-16s-7.2-16-16-16-16 7.2-16 16 7.2 16 16 16zM624 0H16C7.2 0 0 7.2 0 16v32c0 8.8 7.2 16 16 16h608c8.8 0 16-7.2 16-16V16c0-8.8-7.2-16-16-16zm0 448h-48V96H64v352H16c-8.8 0-16 7.2-16 16v32c0 8.8 7.2 16 16 16h608c8.8 0 16-7.2 16-16v-32c0-8.8-7.2-16-16-16zM480 248c0 4.4-3.6 8-8 8H336v32h104c4.4 0 8 3.6 8 8v16c0 4.4-3.6 8-8 8H336v32h64c26.5 0 48 21.5 48 48s-21.5 48-48 48-48-21.5-48-48v-16h-64v16c0 26.5-21.5 48-48 48s-48-21.5-48-48 21.5-48 48-48h64v-32H200c-4.4 0-8-3.6-8-8v-16c0-4.4 3.6-8 8-8h104v-32H168c-4.4 0-8-3.6-8-8v-16c0-4.4 3.6-8 8-8h136v-32H200c-4.4 0-8-3.6-8-8v-16c0-4.4 3.6-8 8-8h104v-24c0-4.4 3.6-8 8-8h16c4.4 0 8 3.6 8 8v24h104c4.4 0 8 3.6 8 8v16c0 4.4-3.6 8-8 8H336v32h136c4.4 0 8 3.6 8 8v16z"
                  fill="currentColor"
                />
              </svg>
            </div>
            <p
              class="css-1yxu09j"
              contenteditable="false"
              id="info_cards__0__desc"
              tabindex="-1"
            >
              Not sure what your looking for? Our team can help you dial in on what will be your next audience.
            </p>
          </div>
        </div>
        <div
          class="css-9chr40"
        >
          <div
            class="css-79elbk"
          >
            <div
              class="css-1lx80g1"
            >
              <svg
                aria-hidden="true"
                class="svg-inline--fa fa-x-ray fa-w-20 "
                data-icon="x-ray"
                data-prefix="fas"
                focusable="false"
                role="img"
                style="width: 20px;"
                viewBox="0 0 640 512"
                xmlns="http://www.w3.org/2000/svg"
              >
                <path
                  d="M240 384c-8.8 0-16 7.2-16 16s7.2 16 16 16 16-7.2 16-16-7.2-16-16-16zm160 32c8.8 0 16-7.2 16-16s-7.2-16-16-16-16 7.2-16 16 7.2 16 16 16zM624 0H16C7.2 0 0 7.2 0 16v32c0 8.8 7.2 16 16 16h608c8.8 0 16-7.2 16-16V16c0-8.8-7.2-16-16-16zm0 448h-48V96H64v352H16c-8.8 0-16 7.2-16 16v32c0 8.8 7.2 16 16 16h608c8.8 0 16-7.2 16-16v-32c0-8.8-7.2-16-16-16zM480 248c0 4.4-3.6 8-8 8H336v32h104c4.4 0 8 3.6 8 8v16c0 4.4-3.6 8-8 8H336v32h64c26.5 0 48 21.5 48 48s-21.5 48-48 48-48-21.5-48-48v-16h-64v16c0 26.5-21.5 48-48 48s-48-21.5-48-48 21.5-48 48-48h64v-32H200c-4.4 0-8-3.6-8-8v-16c0-4.4 3.6-8 8-8h104v-32H168c-4.4 0-8-3.6-8-8v-16c0-4.4 3.6-8 8-8h136v-32H200c-4.4 0-8-3.6-8-8v-16c0-4.4 3.6-8 8-8h104v-24c0-4.4 3.6-8 8-8h16c4.4 0 8 3.6 8 8v24h104c4.4 0 8 3.6 8 8v16c0 4.4-3.6 8-8 8H336v32h136c4.4 0 8 3.6 8 8v16z"
                  fill="currentColor"
                />
              </svg>
            </div>
            <h3
              class="css-1mws978"
              contenteditable="false"
              id="info_cards__1__header"
              tabindex="-1"
            >
              100's of industries
            </h3>
          </div>
          <img
            class="chakra-image css-20teaf"
            src="/icon.png"
          />
          <div
            class="css-79elbk"
          >
            <div
              class="css-1lx80g1"
            >
              <svg
                aria-hidden="true"
                class="svg-inline--fa fa-x-ray fa-w-20 "
                data-icon="x-ray"
                data-prefix="fas"
                focusable="false"
                role="img"
                style="width: 20px;"
                viewBox="0 0 640 512"
                xmlns="http://www.w3.org/2000/svg"
              >
                <path
                  d="M240 384c-8.8 0-16 7.2-16 16s7.2 16 16 16 16-7.2 16-16-7.2-16-16-16zm160 32c8.8 0 16-7.2 16-16s-7.2-16-16-16-16 7.2-16 16 7.2 16 16 16zM624 0H16C7.2 0 0 7.2 0 16v32c0 8.8 7.2 16 16 16h608c8.8 0 16-7.2 16-16V16c0-8.8-7.2-16-16-16zm0 448h-48V96H64v352H16c-8.8 0-16 7.2-16 16v32c0 8.8 7.2 16 16 16h608c8.8 0 16-7.2 16-16v-32c0-8.8-7.2-16-16-16zM480 248c0 4.4-3.6 8-8 8H336v32h104c4.4 0 8 3.6 8 8v16c0 4.4-3.6 8-8 8H336v32h64c26.5 0 48 21.5 48 48s-21.5 48-48 48-48-21.5-48-48v-16h-64v16c0 26.5-21.5 48-48 48s-48-21.5-48-48 21.5-48 48-48h64v-32H200c-4.4 0-8-3.6-8-8v-16c0-4.4 3.6-8 8-8h104v-32H168c-4.4 0-8-3.6-8-8v-16c0-4.4 3.6-8 8-8h136v-32H200c-4.4 0-8-3.6-8-8v-16c0-4.4 3.6-8 8-8h104v-24c0-4.4 3.6-8 8-8h16c4.4 0 8 3.6 8 8v24h104c4.4 0 8 3.6 8 8v16c0 4.4-3.6 8-8 8H336v32h136c4.4 0 8 3.6 8 8v16z"
                  fill="currentColor"
                />
              </svg>
            </div>
            <p
              class="css-1yxu09j"
              contenteditable="false"
              id="info_cards__1__desc"
              tabindex="-1"
            >
              Our leads are sourced from a Multi-Channel system that spans across many different platforms and industries
            </p>
          </div>
        </div>
        <div
          class="css-9chr40"
        >
          <div
            class="css-79elbk"
          >
            <div
              class="css-1lx80g1"
            >
              <svg
                aria-hidden="true"
                class="svg-inline--fa fa-x-ray fa-w-20 "
                data-icon="x-ray"
                data-prefix="fas"
                focusable="false"
                role="img"
                style="width: 20px;"
                viewBox="0 0 640 512"
                xmlns="http://www.w3.org/2000/svg"
              >
                <path
                  d="M240 384c-8.8 0-16 7.2-16 16s7.2 16 16 16 16-7.2 16-16-7.2-16-16-16zm160 32c8.8 0 16-7.2 16-16s-7.2-16-16-16-16 7.2-16 16 7.2 16 16 16zM624 0H16C7.2 0 0 7.2 0 16v32c0 8.8 7.2 16 16 16h608c8.8 0 16-7.2 16-16V16c0-8.8-7.2-16-16-16zm0 448h-48V96H64v352H16c-8.8 0-16 7.2-16 16v32c0 8.8 7.2 16 16 16h608c8.8 0 16-7.2 16-16v-32c0-8.8-7.2-16-16-16zM480 248c0 4.4-3.6 8-8 8H336v32h104c4.4 0 8 3.6 8 8v16c0 4.4-3.6 8-8 8H336v32h64c26.5 0 48 21.5 48 48s-21.5 48-48 48-48-21.5-48-48v-16h-64v16c0 26.5-21.5 48-48 48s-48-21.5-48-48 21.5-48 48-48h64v-32H200c-4.4 0-8-3.6-8-8v-16c0-4.4 3.6-8 8-8h104v-32H168c-4.4 0-8-3.6-8-8v-16c0-4.4 3.6-8 8-8h136v-32H200c-4.4 0-8-3.6-8-8v-16c0-4.4 3.6-8 8-8h104v-24c0-4.4 3.6-8 8-8h16c4.4 0 8 3.6 8 8v24h104c4.4 0 8 3.6 8 8v16c0 4.4-3.6 8-8 8H336v32h136c4.4 0 8 3.6 8 8v16z"
                  fill="currentColor"
                />
              </svg>
            </div>
            <h3
              class="css-1mws978"
              contenteditable="false"
              id="info_cards__2__header"
              tabindex="-1"
            >
              Custom experience
            </h3>
          </div>
          <img
            class="chakra-image css-20teaf"
            src="/icon.png"
          />
          <div
            class="css-79elbk"
          >
            <div
              class="css-1lx80g1"
            >
              <svg
                aria-hidden="true"
                class="svg-inline--fa fa-x-ray fa-w-20 "
                data-icon="x-ray"
                data-prefix="fas"
                focusable="false"
                role="img"
                style="width: 20px;"
                viewBox="0 0 640 512"
                xmlns="http://www.w3.org/2000/svg"
              >
                <path
                  d="M240 384c-8.8 0-16 7.2-16 16s7.2 16 16 16 16-7.2 16-16-7.2-16-16-16zm160 32c8.8 0 16-7.2 16-16s-7.2-16-16-16-16 7.2-16 16 7.2 16 16 16zM624 0H16C7.2 0 0 7.2 0 16v32c0 8.8 7.2 16 16 16h608c8.8 0 16-7.2 16-16V16c0-8.8-7.2-16-16-16zm0 448h-48V96H64v352H16c-8.8 0-16 7.2-16 16v32c0 8.8 7.2 16 16 16h608c8.8 0 16-7.2 16-16v-32c0-8.8-7.2-16-16-16zM480 248c0 4.4-3.6 8-8 8H336v32h104c4.4 0 8 3.6 8 8v16c0 4.4-3.6 8-8 8H336v32h64c26.5 0 48 21.5 48 48s-21.5 48-48 48-48-21.5-48-48v-16h-64v16c0 26.5-21.5 48-48 48s-48-21.5-48-48 21.5-48 48-48h64v-32H200c-4.4 0-8-3.6-8-8v-16c0-4.4 3.6-8 8-8h104v-32H168c-4.4 0-8-3.6-8-8v-16c0-4.4 3.6-8 8-8h136v-32H200c-4.4 0-8-3.6-8-8v-16c0-4.4 3.6-8 8-8h104v-24c0-4.4 3.6-8 8-8h16c4.4 0 8 3.6 8 8v24h104c4.4 0 8 3.6 8 8v16c0 4.4-3.6 8-8 8H336v32h136c4.4 0 8 3.6 8 8v16z"
                  fill="currentColor"
                />
              </svg>
            </div>
            <p
              class="css-1yxu09j"
              contenteditable="false"
              id="info_cards__2__desc"
              tabindex="-1"
            >
              Our amazing development team can create an expereince tailored to your comapnies needs. No matter what.
            </p>
          </div>
        </div>
      </div>
      <div
        class="css-79elbk"
      >
        <div
          class="css-1lx80g1"
        >
          <svg
            aria-hidden="true"
            class="svg-inline--fa fa-x-ray fa-w-20 "
            data-icon="x-ray"
            data-prefix="fas"
            focusable="false"
            role="img"
            style="width: 20px;"
            viewBox="0 0 640 512"
            xmlns="http://www.w3.org/2000/svg"
          >
            <path
              d="M240 384c-8.8 0-16 7.2-16 16s7.2 16 16 16 16-7.2 16-16-7.2-16-16-16zm160 32c8.8 0 16-7.2 16-16s-7.2-16-16-16-16 7.2-16 16 7.2 16 16 16zM624 0H16C7.2 0 0 7.2 0 16v32c0 8.8 7.2 16 16 16h608c8.8 0 16-7.2 16-16V16c0-8.8-7.2-16-16-16zm0 448h-48V96H64v352H16c-8.8 0-16 7.2-16 16v32c0 8.8 7.2 16 16 16h608c8.8 0 16-7.2 16-16v-32c0-8.8-7.2-16-16-16zM480 248c0 4.4-3.6 8-8 8H336v32h104c4.4 0 8 3.6 8 8v16c0 4.4-3.6 8-8 8H336v32h64c26.5 0 48 21.5 48 48s-21.5 48-48 48-48-21.5-48-48v-16h-64v16c0 26.5-21.5 48-48 48s-48-21.5-48-48 21.5-48 48-48h64v-32H200c-4.4 0-8-3.6-8-8v-16c0-4.4 3.6-8 8-8h104v-32H168c-4.4 0-8-3.6-8-8v-16c0-4.4 3.6-8 8-8h136v-32H200c-4.4 0-8-3.6-8-8v-16c0-4.4 3.6-8 8-8h104v-24c0-4.4 3.6-8 8-8h16c4.4 0 8 3.6 8 8v24h104c4.4 0 8 3.6 8 8v16c0 4.4-3.6 8-8 8H336v32h136c4.4 0 8 3.6 8 8v16z"
              fill="currentColor"
            />
          </svg>
        </div>
        <p
          class="css-bg3st0"
          contenteditable="false"
          id="info_footer"
          tabindex="-1"
        >
          Contact us about custom plans and agreements to ensure we meet your specific needs!
        </p>
      </div>
    </div>
  </section>
</div>
`;
